// Jest Snapshot v1, https://goo.gl/fbAQLP

exports[`Connect @render should render correctly 1`] = `
<ul
  className="WishlistItemContainer"
>
  <TransitionGroup
    childFactory={[Function]}
    className="WishlistItemContainer WishlistItemContainer-animation"
    component="div"
  >
    <CSSTransition
      classNames="fade"
      key="21642091"
      timeout={400}
    >
      <Connect(WishlistItem)
        baseUrlPath="/en/tsuk"
        grid={4}
        handleAddToBag={[Function]}
        handleLinkClick={[Function]}
        handleQuickView={[Function]}
        handleRemoveFromWishlist={[Function]}
        handleSizeChange={[Function]}
        isAddingToBag={
          Object {
            "item": null,
            "loading": false,
          }
        }
        item={
          Object {
            "addToBagURL": "http://ts.pplive.arcadiagroup.ltd.uk/webapp/wcs/stores/servlet/InterestItemDelete?updatePrices=1&calculationUsageId=-1&calculationUsageId=-2&calculationUsageId=-7&langId=-1&storeId=12556&catalogId=33057&productId=21642083&catEntryId=21642091&orderId=700385209&calculateOrder=1&quantity=1.0&pageName=shoppingBag&savedItem=true&URL=OrderItemAddAjax%3fURL%3dOrderCalculate%3fURL%3dAddToBagFromIntListAjaxView",
            "catEntryId": 21642091,
            "colour": "GREY",
            "imageUrl": "https://ts.pplive.arcadiagroup.ltd.uk/wcsstore/TopShop/images/catalog/19H30IGRY_small.jpg",
            "instock": true,
            "itemquantity": "Quantity",
            "lineNumber": "19H30IGRY",
            "listItemId": 1234,
            "name": "Lightweight Knit Beanie Hat",
            "parentProductId": 21642083,
            "price": Object {
              "nowPrice": "1.00000",
              "was1Price": "3.00",
              "was2Price": "300.00",
            },
            "quantity": 1,
            "removeSavedItemURL": "http://ts.pplive.arcadiagroup.ltd.uk/webapp/wcs/stores/servlet/InterestItemDelete?updatePrices=1&calculationUsageId=-1&langId=-1&storeId=12556&catalogId=33057&productId=21642083&catEntryId=21642091&orderId=700385209&calculateOrder=1&quantity=1.0&URL=InterestItemsRemoveItemAjaxView",
            "shipModeId": "",
            "size": "ONE",
            "sizeAndQuantity": Array [
              Object {
                "catentryId": "21642091",
                "quantity": 10,
                "size": "Size 1",
              },
              Object {
                "catentryId": "21642091",
                "quantity": 10,
                "size": "Size 2",
              },
            ],
            "sourceUrl": "http://ts.pplive.arcadiagroup.ltd.uk/webapp/wcs/stores/servlet/ProductDisplay?langId=-1&storeId=12556&catalogId=33057&productId=21642083&categoryId=209987&parent_category_rn=208549",
            "total": "9.72",
            "totalLabel": "Total",
            "unitPrice": 9.72,
            "updateURL": "http://ts.pplive.arcadiagroup.ltd.uk/webapp/wcs/stores/servlet/ChangeDetailsDisplayAjaxView?orderId=700385209&langId=-1&storeId=12556&catalogId=33057&productId=21642083&catEntryId=21642091&offerPrice=9.72&size=ONE&quantity=1.0&pageName=interestItem",
            "wasPrice": 12,
          }
        }
        sizeValidationError={false}
      />
    </CSSTransition>
    <CSSTransition
      classNames="fade"
      key="21903390"
      timeout={400}
    >
      <Connect(WishlistItem)
        baseUrlPath="/en/tsuk"
        grid={4}
        handleAddToBag={[Function]}
        handleLinkClick={[Function]}
        handleQuickView={[Function]}
        handleRemoveFromWishlist={[Function]}
        handleSizeChange={[Function]}
        isAddingToBag={
          Object {
            "item": null,
            "loading": false,
          }
        }
        item={
          Object {
            "addToBagURL": "http://ts.pplive.arcadiagroup.ltd.uk/webapp/wcs/stores/servlet/InterestItemDelete?updatePrices=1&calculationUsageId=-1&calculationUsageId=-2&calculationUsageId=-7&langId=-1&storeId=12556&catalogId=33057&productId=21903388&catEntryId=21903390&orderId=700385209&calculateOrder=1&quantity=1.0&pageName=shoppingBag&savedItem=true&URL=OrderItemAddAjax%3fURL%3dOrderCalculate%3fURL%3dAddToBagFromIntListAjaxView",
            "catEntryId": 21903390,
            "colour": "BROWN",
            "imageUrl": "https://ts.pplive.arcadiagroup.ltd.uk/wcsstore/TopShop/images/catalog/19H03IBRN_small.jpg",
            "instock": true,
            "itemquantity": "Quantity",
            "lineNumber": "19H03IBRN",
            "listItemId": 9876,
            "name": "Faux Fur Bear Trapper Hat",
            "parentProductId": 21903388,
            "quantity": 1,
            "removeSavedItemURL": "http://ts.pplive.arcadiagroup.ltd.uk/webapp/wcs/stores/servlet/InterestItemDelete?updatePrices=1&calculationUsageId=-1&langId=-1&storeId=12556&catalogId=33057&productId=21903388&catEntryId=21903390&orderId=700385209&calculateOrder=1&quantity=1.0&URL=InterestItemsRemoveItemAjaxView",
            "shipModeId": "",
            "size": "ONE",
            "sizeAndQuantity": Array [
              Object {
                "catentryId": "21903390",
                "quantity": 10,
                "size": "Size 1",
              },
            ],
            "sourceUrl": "http://ts.pplive.arcadiagroup.ltd.uk/webapp/wcs/stores/servlet/ProductDisplay?langId=-1&storeId=12556&catalogId=33057&productId=21903388&categoryId=798058&parent_category_rn=277012",
            "total": "14.58",
            "totalLabel": "Total",
            "unitPrice": 14.58,
            "updateURL": "http://ts.pplive.arcadiagroup.ltd.uk/webapp/wcs/stores/servlet/ChangeDetailsDisplayAjaxView?orderId=700385209&langId=-1&storeId=12556&catalogId=33057&productId=21903388&catEntryId=21903390&offerPrice=14.58&size=ONE&quantity=1.0&pageName=interestItem",
            "wasPrice": 18,
          }
        }
        selectedCatEntryId={21903390}
        sizeValidationError={false}
      />
    </CSSTransition>
  </TransitionGroup>
</ul>
`;
